
-------  Here is the Icon program used for these examples ---------

# world.icn is the Icon program to be translated and run

procedure main(args)
  write("There are ", *args, " args")
  every write(!args)
  every write(&features)
  write(&version)
end

-------  Test one   - Translate with default options [1]  ---------

There are 1 args
one
MS Windows
Cygwin
ASCII
co-expressions
dynamic loading
environment variables
external values
keyboard functions
large integers
pipes
system function
Icon Version 9.5.21b, July 21, 2021

-------  Test two   - Translate with custom options [2]  ---------

There are 2 args
one
two
MS Windows
Cygwin
ASCII
co-expressions
dynamic loading
environment variables
external values
keyboard functions
large integers
pipes
system function
Icon Version 9.5.21b, July 21, 2021

-------  Test three - Translate from within a script and run [3]  ---------

There are 3 args
one
two
three
MS Windows
Cygwin
ASCII
co-expressions
dynamic loading
environment variables
external values
keyboard functions
large integers
pipes
system function
Icon Version 9.5.21b, July 21, 2021

-------  Test four  - Explicity run the Icon Virtual Machine [4]  ---------

 4a. Invoke the Icon translator explicitly

 4b. Invoke the Icon runtime explicitly
There are 4 args
one
two
three
four
MS Windows
Cygwin
ASCII
co-expressions
dynamic loading
environment variables
external values
keyboard functions
large integers
pipes
system function
Icon Version 9.5.21b, July 21, 2021

 4c. Invoke the Icon translator by proxy - icont.exe to icont.cmd to nticont.exe

 4d. Invoke the Icon runtime by proxy - iconx.exe to iconx.cmd to nticonx.exe
There are 4 args
won
too
three
faure
MS Windows
Cygwin
ASCII
co-expressions
dynamic loading
environment variables
external values
keyboard functions
large integers
pipes
system function
Icon Version 9.5.21b, July 21, 2021

-------  Test five  - Implicity run the Icon Virtual Machine using CMD [5]  ---------

There are 5 args
one
two
three
four
five
MS Windows
Cygwin
ASCII
co-expressions
dynamic loading
environment variables
external values
keyboard functions
large integers
pipes
system function
Icon Version 9.5.21b, July 21, 2021

-------  Test six   - Implicity run the Icon Virtual Machine in the background using START [6]  ---------

There are 6 args
one
two
three
four
five
six
MS Windows
Cygwin
ASCII
co-expressions
dynamic loading
environment variables
external values
keyboard functions
large integers
pipes
system function
Icon Version 9.5.21b, July 21, 2021

-------  Test seven - Do not include the Icon Virtual Machine in the output file [7]  ---------

There are 7 args
uno
deux
drei
tessera
cinque
seis
seven
MS Windows
Cygwin
ASCII
co-expressions
dynamic loading
environment variables
external values
keyboard functions
large integers
pipes
system function
Icon Version 9.5.21b, July 21, 2021

-------  Test eight - Shebang example [8]  ---------

There are 12 args
ten
nine
eight
seven
six
five
four
three
two
one
zero
blast off
MS Windows
Cygwin
ASCII
co-expressions
dynamic loading
environment variables
external values
keyboard functions
large integers
pipes
system function
Icon Version 9.5.21b, July 21, 2021

-------  Test nine  - icon.cmd invokes icont.cmd and iconx.cmd [9]  ---------

 9a. Invoke the icon.cmd script with quotes in the source file name
There are 4 args
nine
with quoted path to Icon source
hello
world
MS Windows
Cygwin
ASCII
co-expressions
dynamic loading
environment variables
external values
keyboard functions
large integers
pipes
system function
Icon Version 9.5.21b, July 21, 2021

 9b. Invoke the icon.cmd script without quotes in the source file name
There are 4 args
nine
without quoted path to Icon source
hello
world
MS Windows
Cygwin
ASCII
co-expressions
dynamic loading
environment variables
external values
keyboard functions
large integers
pipes
system function
Icon Version 9.5.21b, July 21, 2021

 9c. Invoke the icon.cmd script on source from stdin
There are 4 args
nine
with Icon source from stdin
hello
world
MS Windows
Cygwin
ASCII
co-expressions
dynamic loading
environment variables
external values
keyboard functions
large integers
pipes
system function
Icon Version 9.5.21b, July 21, 2021

 9d. Invoke the icont.cmd [not icono.cmd] script with spaces in file name
There are 4 args
nine
via icont.cmd (rather than icon.cmd)
hello
world
MS Windows
Cygwin
ASCII
co-expressions
dynamic loading
environment variables
external values
keyboard functions
large integers
pipes
system function
Icon Version 9.5.21b, July 21, 2021

-------  "Where there's smoke, there's fire." -Anonymous ---------
